// Vitest Snapshot v1

exports[`IconButton > renders correctly 1`] = `"<span data-v-f6045c74=\\"\\" id=\\"rds-icon-button\\"><rds-tooltip-stub data-v-f6045c74=\\"\\" position=\\"top\\" slim=\\"false\\"></rds-tooltip-stub></span>"`;
