// Vitest Snapshot v1

exports[`PasswordInput > If component renders correctly 1`] = `
"<div data-v-41502f2c=\\"\\"><span data-v-41502f2c=\\"\\"><label data-v-41502f2c=\\"\\" class=\\"password-input__label\\"><div data-v-41502f2c=\\"\\" class=\\"password-input__label__content\\" for=\\"rds-password-input\\"><span data-v-41502f2c=\\"\\">Label</span>
  <!--v-if-->
  <!--v-if-->
</div></label></span>
<div data-v-41502f2c=\\"\\" class=\\"password-input\\"><input data-v-41502f2c=\\"\\" id=\\"rds-password-input\\" type=\\"password\\" placeholder=\\"Enter information here\\" class=\\"password-input__field\\">
  <!--v-if-->
</div>
<!--v-if-->
</div>"
`;
